// Jest Snapshot v1, https://goo.gl/fbAQLP

exports[`EventInfoContainer.render() renders correctly with children 1`] = `
<div
  className="general"
>
  <div />
  <div />
</div>
`;
