// Jest Snapshot v1, https://goo.gl/fbAQLP

exports[`ScoreIndicator.render() renders correctly with score 1`] = `
<div
  className="container"
>
  <div
    className="KambiWidget-neutralPrimaryColor scoreBox"
  >
    <span
      className="KambiWidget-neutralSecondaryColor scoreBoxText"
    >
      100
    </span>
  </div>
</div>
`;
